// Vitest Snapshot v1, https://vitest.dev/guide/snapshot.html

exports[`deriveTrackRecords > matches a stable snapshot of the real corpus 1`] = `
[
  {
    "claims": 68,
    "context_mode": "diff-only",
    "corpus": [
      [
        "discourse",
        10,
      ],
      [
        "grafana",
        7,
      ],
      [
        "keycloak",
        4,
      ],
    ],
    "finder_model": "gemini-2.5-flash",
    "review_fingerprint": "1a2884400bd7",
    "reviews": 21,
    "skeptic": {
      "by_severity": [
        {
          "claims": 15,
          "confirmed": 11,
          "resolved": 15,
          "severity": "critical",
        },
        {
          "claims": 31,
          "confirmed": 22,
          "resolved": 31,
          "severity": "major",
        },
        {
          "claims": 22,
          "confirmed": 20,
          "resolved": 22,
          "severity": "minor",
        },
      ],
      "confirmed": 53,
      "judge": "independent",
      "mean_impact": 3.9,
      "refuted": 7,
      "uncertain": 8,
      "unresolved": 0,
    },
    "skeptic_model": "gemini-3.5-flash",
  },
  {
    "claims": 44,
    "context_mode": "graph",
    "corpus": [
      [
        "cal_dot_com",
        10,
      ],
      [
        "grafana",
        3,
      ],
      [
        "sentry",
        1,
      ],
    ],
    "finder_model": "gemini-2.5-flash",
    "review_fingerprint": "1a2884400bd7",
    "reviews": 14,
    "skeptic": {
      "by_severity": [
        {
          "claims": 8,
          "confirmed": 6,
          "resolved": 8,
          "severity": "critical",
        },
        {
          "claims": 26,
          "confirmed": 18,
          "resolved": 26,
          "severity": "major",
        },
        {
          "claims": 10,
          "confirmed": 8,
          "resolved": 10,
          "severity": "minor",
        },
      ],
      "confirmed": 32,
      "judge": "independent",
      "mean_impact": 4.68,
      "refuted": 2,
      "uncertain": 10,
      "unresolved": 0,
    },
    "skeptic_model": "gemini-3.5-flash",
  },
]
`;
